// Jest Snapshot v1, https://goo.gl/fbAQLP

exports[`Repositories should render 'Render the component 1`] = `
<div
  className="app"
>
  <div
    className="sort-select-container"
  >
    <select
      className="sort-select"
      onChange={[Function]}
      value="forks"
    >
      <option
        className="sort-select-option"
        value="forks"
      >
        Forks
      </option>
      <option
        className="sort-select-option"
        value="interactions"
      >
        Interactions
      </option>
    </select>
  </div>
  <div
    className="repositories-container"
  >
    <h2>
      Repositories
    </h2>
    <ul
      className="repositories-list"
    >
      <li
        className="data-row"
        key="0"
      >
        <RepoData
          node={
            Object {
              "__typename": "Repository",
              "description": "Ludwig is a toolbox that allows to train and evaluate deep learning models without the need to write code.",
              "forkCount": 867,
              "issues": Object {
                "__typename": "IssueConnection",
                "totalCount": 479,
              },
              "masterBranch": Object {
                "__typename": "Ref",
                "target": Object {
                  "__typename": "Commit",
                  "history": Object {
                    "__typename": "CommitHistoryConnection",
                    "edges": Array [
                      Object {
                        "__typename": "CommitEdge",
                        "node": Object {
                          "__typename": "Commit",
                          "author": Object {
                            "__typename": "GitActor",
                            "avatarUrl": "https://avatars3.githubusercontent.com/u/4464640?v=4",
                            "email": "carlo.grisetti@gmail.com",
                            "name": "Carlo Grisetti",
                          },
                          "changedFiles": 0,
                          "committedDate": "2020-11-07T22:20:09Z",
                          "message": "Fix CLI typos (#998)",
                        },
                      },
                      Object {
                        "__typename": "CommitEdge",
                        "node": Object {
                          "__typename": "Commit",
                          "author": Object {
                            "__typename": "GitActor",
                            "avatarUrl": "https://avatars3.githubusercontent.com/u/4464640?v=4",
                            "email": "carlo.grisetti@gmail.com",
                            "name": "Carlo Grisetti",
                          },
                          "changedFiles": 0,
                          "committedDate": "2020-11-07T22:18:42Z",
                          "message": "Fix typo on CLI output (#999)",
                        },
                      },
                      Object {
                        "__typename": "CommitEdge",
                        "node": Object {
                          "__typename": "Commit",
                          "author": Object {
                            "__typename": "GitActor",
                            "avatarUrl": "https://avatars0.githubusercontent.com/u/5660075?v=4",
                            "email": "gostanfordtennis@gmail.com",
                            "name": "ANarayan",
                          },
                          "changedFiles": 5,
                          "committedDate": "2020-11-06T01:11:14Z",
                          "message": "Added SST2 dataset and made modifications to GoEmotions (#985)",
                        },
                      },
                      Object {
                        "__typename": "CommitEdge",
                        "node": Object {
                          "__typename": "Commit",
                          "author": Object {
                            "__typename": "GitActor",
                            "avatarUrl": "https://avatars1.githubusercontent.com/u/1742912?v=4",
                            "email": "tgaddair@gmail.com",
                            "name": "Travis Addair",
                          },
                          "changedFiles": 4,
                          "committedDate": "2020-11-06T01:06:38Z",
                          "message": "Refactor MNIST to use numpy and imsave, remove pypng dependency (#995)",
                        },
                      },
                      Object {
                        "__typename": "CommitEdge",
                        "node": Object {
                          "__typename": "Commit",
                          "author": Object {
                            "__typename": "GitActor",
                            "avatarUrl": "https://avatars1.githubusercontent.com/u/349256?v=4",
                            "email": "piero@uber.com",
                            "name": "Piero Molino",
                          },
                          "changedFiles": 5,
                          "committedDate": "2020-11-06T01:02:47Z",
                          "message": "Fixed losses ported from TF1 (#994)",
                        },
                      },
                      Object {
                        "__typename": "CommitEdge",
                        "node": Object {
                          "__typename": "Commit",
                          "author": Object {
                            "__typename": "GitActor",
                            "avatarUrl": "https://avatars0.githubusercontent.com/u/5660075?v=4",
                            "email": "gostanfordtennis@gmail.com",
                            "name": "ANarayan",
                          },
                          "changedFiles": 1,
                          "committedDate": "2020-11-06T00:57:21Z",
                          "message": "Default value of HF encoder trainable parameter (#996)",
                        },
                      },
                      Object {
                        "__typename": "CommitEdge",
                        "node": Object {
                          "__typename": "Commit",
                          "author": Object {
                            "__typename": "GitActor",
                            "avatarUrl": "https://avatars1.githubusercontent.com/u/1742912?v=4",
                            "email": "tgaddair@gmail.com",
                            "name": "Travis Addair",
                          },
                          "changedFiles": 13,
                          "committedDate": "2020-11-04T20:38:20Z",
                          "message": "Added split param for dataset loading and improved MNIST processing performance (#993)",
                        },
                      },
                      Object {
                        "__typename": "CommitEdge",
                        "node": Object {
                          "__typename": "Commit",
                          "author": Object {
                            "__typename": "GitActor",
                            "avatarUrl": "https://avatars1.githubusercontent.com/u/349256?v=4",
                            "email": "piero@uber.com",
                            "name": "Piero Molino",
                          },
                          "changedFiles": 6,
                          "committedDate": "2020-11-04T20:35:10Z",
                          "message": "Fix SavedModel for multiple data types (#980)",
                        },
                      },
                      Object {
                        "__typename": "CommitEdge",
                        "node": Object {
                          "__typename": "Commit",
                          "author": Object {
                            "__typename": "GitActor",
                            "avatarUrl": "https://avatars2.githubusercontent.com/u/674374?v=4",
                            "email": "sxk1969@hotmail.com",
                            "name": "skanjila",
                          },
                          "changedFiles": 10,
                          "committedDate": "2020-11-04T16:26:11Z",
                          "message": "Mnist dataset workflow (#968)",
                        },
                      },
                      Object {
                        "__typename": "CommitEdge",
                        "node": Object {
                          "__typename": "Commit",
                          "author": Object {
                            "__typename": "GitActor",
                            "avatarUrl": "https://avatars2.githubusercontent.com/u/37936015?v=4",
                            "email": "pingsutw@gmail.com",
                            "name": "HUAN-PING SU",
                          },
                          "changedFiles": 1,
                          "committedDate": "2020-11-02T22:05:28Z",
                          "message": "Fix typo: Capital L for Ludwig mention in README.md (#986)

* Fix typo
* Capital L for Ludwig mention in README.md

Co-authored-by: Piero Molino <w4nderlust@gmail.com>",
                        },
                      },
                    ],
                    "totalCount": 1995,
                  },
                },
              },
              "name": "ludwig",
              "primaryLanguage": Object {
                "__typename": "Language",
                "color": "#3572A5",
                "name": "Python",
              },
              "stargazerCount": 7224,
              "url": "https://github.com/uber/ludwig",
            }
          }
        />
      </li>
      <li
        className="data-row"
        key="1"
      >
        <RepoData
          node={
            Object {
              "__typename": "Repository",
              "description": "Data Visualization Components",
              "forkCount": 787,
              "issues": Object {
                "__typename": "IssueConnection",
                "totalCount": 765,
              },
              "masterBranch": Object {
                "__typename": "Ref",
                "target": Object {
                  "__typename": "Commit",
                  "history": Object {
                    "__typename": "CommitHistoryConnection",
                    "edges": Array [
                      Object {
                        "__typename": "CommitEdge",
                        "node": Object {
                          "__typename": "Commit",
                          "author": Object {
                            "__typename": "GitActor",
                            "avatarUrl": "https://avatars0.githubusercontent.com/u/26309854?v=4",
                            "email": "26309854+a-peltier@users.noreply.github.com",
                            "name": "Alexandre Peltier",
                          },
                          "changedFiles": 6,
                          "committedDate": "2020-07-13T14:33:01Z",
                          "message": "Migrate Treemap and makeFlexible to functional components (#1358)

* Convert  Treemap to a functional component

* Update makeFlexible factory to make it create functional components

* Add eslint-plugin-react-hooks and fix error in make-vis-flexible.js",
                        },
                      },
                      Object {
                        "__typename": "CommitEdge",
                        "node": Object {
                          "__typename": "Commit",
                          "author": Object {
                            "__typename": "GitActor",
                            "avatarUrl": "https://avatars0.githubusercontent.com/u/26309854?v=4",
                            "email": "26309854+a-peltier@users.noreply.github.com",
                            "name": "Alexandre Peltier",
                          },
                          "changedFiles": 33,
                          "committedDate": "2020-06-07T16:22:23Z",
                          "message": "Clean test warnings (#1353)

* Prefix unsafe react lifecycle methods with UNSAFE_

* Fix typo in propTypes assignments - ShowcaseButton & ShowcaseDropdown

* Mock canvas in react-vis tests

* Fix warning in tests about svg elements not being wrapped by a <svg> tag

* Fix warningss in test for borders.test.js

* Fix warnings about missing key in line-series-canvas.test.js

* Fix typo in propTypes assignement for ShowCaseButton

* Convert key index to string for LineSeriescanvas",
                        },
                      },
                      Object {
                        "__typename": "CommitEdge",
                        "node": Object {
                          "__typename": "Commit",
                          "author": Object {
                            "__typename": "GitActor",
                            "avatarUrl": "https://avatars3.githubusercontent.com/u/1887318?v=4",
                            "email": "tchrs@uber.com",
                            "name": "Chris Thomas",
                          },
                          "changedFiles": 18,
                          "committedDate": "2020-06-07T15:30:30Z",
                          "message": "Created ContentClipPath (#1351)

* Created ContentClipPath

The ContentClipPath creates a new clipPath that is the size of the
inner portion of the graph.
Other series can use this with \`style={{clipPath: 'url(#content-area)'}}",
                        },
                      },
                      Object {
                        "__typename": "CommitEdge",
                        "node": Object {
                          "__typename": "Commit",
                          "author": Object {
                            "__typename": "GitActor",
                            "avatarUrl": "https://avatars1.githubusercontent.com/u/6854312?v=4",
                            "email": "mcnutt.andrew@gmail.com",
                            "name": "Andrew McNutt",
                          },
                          "changedFiles": 6,
                          "committedDate": "2020-06-04T22:13:37Z",
                          "message": "Update problematic showcase examples to use hooks (#1345)

* Update problematic showcase examples to use hooks

* respond to requested changes",
                        },
                      },
                      Object {
                        "__typename": "CommitEdge",
                        "node": Object {
                          "__typename": "Commit",
                          "author": Object {
                            "__typename": "GitActor",
                            "avatarUrl": "https://avatars3.githubusercontent.com/u/1887318?v=4",
                            "email": "tchrs@uber.com",
                            "name": "Chris Thomas",
                          },
                          "changedFiles": 1,
                          "committedDate": "2020-05-31T16:48:04Z",
                          "message": "Fix spread (#1344)",
                        },
                      },
                      Object {
                        "__typename": "CommitEdge",
                        "node": Object {
                          "__typename": "Commit",
                          "author": Object {
                            "__typename": "GitActor",
                            "avatarUrl": "https://avatars0.githubusercontent.com/u/26309854?v=4",
                            "email": "26309854+a-peltier@users.noreply.github.com",
                            "name": "Alexandre Peltier",
                          },
                          "changedFiles": 15,
                          "committedDate": "2020-05-30T17:51:04Z",
                          "message": "Fix docs and showcase links with the new packages structure (#1341)",
                        },
                      },
                      Object {
                        "__typename": "CommitEdge",
                        "node": Object {
                          "__typename": "Commit",
                          "author": Object {
                            "__typename": "GitActor",
                            "avatarUrl": "https://avatars3.githubusercontent.com/u/132584?v=4",
                            "email": "chua@uber.com",
                            "name": "Chris Chua",
                          },
                          "changedFiles": 46,
                          "committedDate": "2020-05-29T12:10:09Z",
                          "message": "Revert \\"docs(readme): add depreaction message (#1302)\\" (#1334)

This reverts commit 0e74ad76d70bc2544e4314971926bbef4edb7e2b.",
                        },
                      },
                      Object {
                        "__typename": "CommitEdge",
                        "node": Object {
                          "__typename": "Commit",
                          "author": Object {
                            "__typename": "GitActor",
                            "avatarUrl": "https://avatars0.githubusercontent.com/u/26309854?v=4",
                            "email": "26309854+a-peltier@users.noreply.github.com",
                            "name": "Alexandre Peltier",
                          },
                          "changedFiles": 95,
                          "committedDate": "2020-05-29T12:07:52Z",
                          "message": "Add eslint-plugin-jest and rename all test files as *.test.js (#1339)

* Add eslint-plugin-jest and enforce recommended rules

* Add top-level describe block to all tests and enforce related lint rule

* Remove eslint-plugin-no-only-tests

* Rename all test files as *.test.js

* fixup! Remove eslint-plugin-no-only-tests

* Drop node 8 test in CI",
                        },
                      },
                      Object {
                        "__typename": "CommitEdge",
                        "node": Object {
                          "__typename": "Commit",
                          "author": Object {
                            "__typename": "GitActor",
                            "avatarUrl": "https://avatars3.githubusercontent.com/u/5864772?v=4",
                            "email": "id0Sch@users.noreply.github.com",
                            "name": "Ido S",
                          },
                          "changedFiles": 1,
                          "committedDate": "2020-05-28T15:44:54Z",
                          "message": "fix broken link in treemap docs (#1297)",
                        },
                      },
                      Object {
                        "__typename": "CommitEdge",
                        "node": Object {
                          "__typename": "Commit",
                          "author": Object {
                            "__typename": "GitActor",
                            "avatarUrl": "https://avatars3.githubusercontent.com/u/1887318?v=4",
                            "email": "tchrs@uber.com",
                            "name": "Chris Thomas",
                          },
                          "changedFiles": 56,
                          "committedDate": "2020-05-27T15:52:15Z",
                          "message": "Merge pull request #1336 from a-peltier/migrate-tests-to-jest

Migrate tests to jest runner",
                        },
                      },
                    ],
                    "totalCount": 876,
                  },
                },
              },
              "name": "react-vis",
              "primaryLanguage": Object {
                "__typename": "Language",
                "color": "#f1e05a",
                "name": "JavaScript",
              },
              "stargazerCount": 7470,
              "url": "https://github.com/uber/react-vis",
            }
          }
        />
      </li>
      <li
        className="data-row"
        key="2"
      >
        <RepoData
          node={
            Object {
              "__typename": "Repository",
              "description": "Uber's cross-platform mobile architecture framework.",
              "forkCount": 688,
              "issues": Object {
                "__typename": "IssueConnection",
                "totalCount": 237,
              },
              "masterBranch": Object {
                "__typename": "Ref",
                "target": Object {
                  "__typename": "Commit",
                  "history": Object {
                    "__typename": "CommitHistoryConnection",
                    "edges": Array [
                      Object {
                        "__typename": "CommitEdge",
                        "node": Object {
                          "__typename": "Commit",
                          "author": Object {
                            "__typename": "GitActor",
                            "avatarUrl": "https://avatars2.githubusercontent.com/u/13270453?v=4",
                            "email": "sungwoon.park92@gmail.com",
                            "name": "Sungwoon Park",
                          },
                          "changedFiles": 12,
                          "committedDate": "2020-05-08T21:55:59Z",
                          "message": ":arrow_up: RxCocoa version up (#368)",
                        },
                      },
                      Object {
                        "__typename": "CommitEdge",
                        "node": Object {
                          "__typename": "Commit",
                          "author": Object {
                            "__typename": "GitActor",
                            "avatarUrl": "https://avatars0.githubusercontent.com/u/1837344?v=4",
                            "email": "imairi@gmail.com",
                            "name": "Yosuke Imairi",
                          },
                          "changedFiles": 3,
                          "committedDate": "2020-05-08T09:59:50Z",
                          "message": "Compatible with RxSwift 5.1 (#370)

* update RxSwift version

* update RxSwift version for SPM",
                        },
                      },
                      Object {
                        "__typename": "CommitEdge",
                        "node": Object {
                          "__typename": "Commit",
                          "author": Object {
                            "__typename": "GitActor",
                            "avatarUrl": "https://avatars1.githubusercontent.com/u/839094?v=4",
                            "email": "pomozoff@mail.ru",
                            "name": "Anton Pomozov",
                          },
                          "changedFiles": 7,
                          "committedDate": "2020-05-04T09:49:59Z",
                          "message": "Add SPM support (#359)

* Add SPM support

* Fix compilation errors

* Exclude non project files

Instead of modifying them.

* Use an appropriate version of Xcode

* Fix CI config

* Fix templates

* Restore excluded files

* Try to fix IOS_SDK with script

* Use values available on CI

* Restore templates

* Remove comment",
                        },
                      },
                      Object {
                        "__typename": "CommitEdge",
                        "node": Object {
                          "__typename": "Commit",
                          "author": Object {
                            "__typename": "GitActor",
                            "avatarUrl": "https://avatars1.githubusercontent.com/u/847683?v=4",
                            "email": "leland@uber.com",
                            "name": "Leland Takamine",
                          },
                          "changedFiles": 1,
                          "committedDate": "2019-11-06T17:22:40Z",
                          "message": "Prepare next development version.",
                        },
                      },
                      Object {
                        "__typename": "CommitEdge",
                        "node": Object {
                          "__typename": "Commit",
                          "author": Object {
                            "__typename": "GitActor",
                            "avatarUrl": "https://avatars1.githubusercontent.com/u/847683?v=4",
                            "email": "leland@uber.com",
                            "name": "Leland Takamine",
                          },
                          "changedFiles": 2,
                          "committedDate": "2019-11-04T18:10:37Z",
                          "message": "Prepare for release 0.9.2",
                        },
                      },
                      Object {
                        "__typename": "CommitEdge",
                        "node": Object {
                          "__typename": "Commit",
                          "author": Object {
                            "__typename": "GitActor",
                            "avatarUrl": "https://avatars2.githubusercontent.com/u/25152049?v=4",
                            "email": "daimathieu@gmail.com",
                            "name": "Daisuke Iwata",
                          },
                          "changedFiles": 7,
                          "committedDate": "2019-10-04T13:27:11Z",
                          "message": "Compatible RxSwift 5 (#322)",
                        },
                      },
                      Object {
                        "__typename": "CommitEdge",
                        "node": Object {
                          "__typename": "Commit",
                          "author": Object {
                            "__typename": "GitActor",
                            "avatarUrl": "https://avatars2.githubusercontent.com/u/2409650?v=4",
                            "email": "feglusha@gmail.com",
                            "name": "fegol",
                          },
                          "changedFiles": 114,
                          "committedDate": "2019-06-19T20:48:18Z",
                          "message": "Migration to AndroidX #324 (#334)

* Migration to AndroidX #324

* Divided versions for androidx libraries and renamed dependencies #324

* Upgrade target sdk version for travis #324

* Migration to androidx part 2 #324

* Fixed spaces #324",
                        },
                      },
                      Object {
                        "__typename": "CommitEdge",
                        "node": Object {
                          "__typename": "Commit",
                          "author": Object {
                            "__typename": "GitActor",
                            "avatarUrl": "https://avatars1.githubusercontent.com/u/2227639?v=4",
                            "email": "shaishgandhi@gmail.com",
                            "name": "Shaishav Gandhi",
                          },
                          "changedFiles": 20,
                          "committedDate": "2019-06-12T20:28:12Z",
                          "message": "Update AutoDispose to 1.3.0 (#333)

* Update AutoDispose

* Enable desugaring in tutorials

* Move to static imports",
                        },
                      },
                      Object {
                        "__typename": "CommitEdge",
                        "node": Object {
                          "__typename": "Commit",
                          "author": Object {
                            "__typename": "GitActor",
                            "avatarUrl": "https://avatars2.githubusercontent.com/u/309657?v=4",
                            "email": "tys@uber.com",
                            "name": "Ty Smith",
                          },
                          "changedFiles": 33,
                          "committedDate": "2019-05-29T19:47:24Z",
                          "message": "Fix gradle sync and compilation error on Android Studio 3.4.1 (#329)

Fix gradle sync and compilation error on Android Studio 3.4.1",
                        },
                      },
                      Object {
                        "__typename": "CommitEdge",
                        "node": Object {
                          "__typename": "Commit",
                          "author": Object {
                            "__typename": "GitActor",
                            "avatarUrl": "https://avatars2.githubusercontent.com/u/13363349?v=4",
                            "email": "13363349+uOOOO@users.noreply.github.com",
                            "name": "SeungHun Choe",
                          },
                          "changedFiles": 1,
                          "committedDate": "2019-05-24T01:10:27Z",
                          "message": "Fix travis build issue on case sensitive file system for Android",
                        },
                      },
                    ],
                    "totalCount": 257,
                  },
                },
              },
              "name": "RIBs",
              "primaryLanguage": Object {
                "__typename": "Language",
                "color": "#b07219",
                "name": "Java",
              },
              "stargazerCount": 5830,
              "url": "https://github.com/uber/RIBs",
            }
          }
        />
      </li>
      <li
        className="data-row"
        key="3"
      >
        <RepoData
          node={
            Object {
              "__typename": "Repository",
              "description": "A React Component library implementing the Base design language",
              "forkCount": 507,
              "issues": Object {
                "__typename": "IssueConnection",
                "totalCount": 665,
              },
              "masterBranch": Object {
                "__typename": "Ref",
                "target": Object {
                  "__typename": "Commit",
                  "history": Object {
                    "__typename": "CommitHistoryConnection",
                    "edges": Array [
                      Object {
                        "__typename": "CommitEdge",
                        "node": Object {
                          "__typename": "Commit",
                          "author": Object {
                            "__typename": "GitActor",
                            "avatarUrl": "https://avatars3.githubusercontent.com/u/5317799?v=4",
                            "email": "chasestarr@gmail.com",
                            "name": "Chase Starr",
                          },
                          "changedFiles": 27,
                          "committedDate": "2020-11-05T22:55:01Z",
                          "message": "feat(helper): new component (#3893)

* feat(helper): initial layout

* feat(helper): add component

* test(vrt): update visual snapshots for 6c9bce3 [skip ci] (#3894)

Co-authored-by: UberOpenSourceBot <UberOpenSourceBot@users.noreply.github.com>

Co-authored-by: UberOpenSourceBot <33560951+UberOpenSourceBot@users.noreply.github.com>
Co-authored-by: UberOpenSourceBot <UberOpenSourceBot@users.noreply.github.com>",
                        },
                      },
                      Object {
                        "__typename": "CommitEdge",
                        "node": Object {
                          "__typename": "Commit",
                          "author": Object {
                            "__typename": "GitActor",
                            "avatarUrl": "https://avatars1.githubusercontent.com/u/1939257?v=4",
                            "email": "grahammurdoch8@gmail.com",
                            "name": "Graham Murdoch",
                          },
                          "changedFiles": 2,
                          "committedDate": "2020-11-03T00:29:49Z",
                          "message": "fix(checkbox): prevent second click event from firing (#3887)

Co-authored-by: Chase Starr <chasestarr@gmail.com>",
                        },
                      },
                      Object {
                        "__typename": "CommitEdge",
                        "node": Object {
                          "__typename": "Commit",
                          "author": Object {
                            "__typename": "GitActor",
                            "avatarUrl": "https://avatars1.githubusercontent.com/u/1939257?v=4",
                            "email": "grahammurdoch8@gmail.com",
                            "name": "Graham Murdoch",
                          },
                          "changedFiles": 3,
                          "committedDate": "2020-11-02T20:14:40Z",
                          "message": "fix(docs): data testid (#3891)

Co-authored-by: Chase Starr <chasestarr@gmail.com>",
                        },
                      },
                      Object {
                        "__typename": "CommitEdge",
                        "node": Object {
                          "__typename": "Commit",
                          "author": Object {
                            "__typename": "GitActor",
                            "avatarUrl": "https://avatars3.githubusercontent.com/u/5317799?v=4",
                            "email": "chasestarr@gmail.com",
                            "name": "Chase Starr",
                          },
                          "changedFiles": 1,
                          "committedDate": "2020-11-02T19:25:06Z",
                          "message": "fix(tests): handle date test failure (#3892)",
                        },
                      },
                      Object {
                        "__typename": "CommitEdge",
                        "node": Object {
                          "__typename": "Commit",
                          "author": Object {
                            "__typename": "GitActor",
                            "avatarUrl": "https://avatars3.githubusercontent.com/u/1387913?v=4",
                            "email": "vojtech@miksu.cz",
                            "name": "Vojtech Miksu",
                          },
                          "changedFiles": 1,
                          "committedDate": "2020-10-30T20:20:51Z",
                          "message": "Release v9.104.0 (#3886)",
                        },
                      },
                      Object {
                        "__typename": "CommitEdge",
                        "node": Object {
                          "__typename": "Commit",
                          "author": Object {
                            "__typename": "GitActor",
                            "avatarUrl": "https://avatars3.githubusercontent.com/u/5317799?v=4",
                            "email": "chasestarr@gmail.com",
                            "name": "Chase Starr",
                          },
                          "changedFiles": 11,
                          "committedDate": "2020-10-30T19:43:23Z",
                          "message": "fix(popover): applies popoverMargin if showArrow true (#3882)

* fix(popover): applies popoverMargin if showArrow true

* test(vrt): update visual snapshots for fc2c980 [skip ci] (#3883)

Co-authored-by: UberOpenSourceBot <UberOpenSourceBot@users.noreply.github.com>

* fix(tooltip): should default to 0 margin

* test(vrt): update visual snapshots for b234eb5 [skip ci] (#3884)

Co-authored-by: UberOpenSourceBot <UberOpenSourceBot@users.noreply.github.com>

Co-authored-by: UberOpenSourceBot <33560951+UberOpenSourceBot@users.noreply.github.com>
Co-authored-by: UberOpenSourceBot <UberOpenSourceBot@users.noreply.github.com>
Co-authored-by: Vojtech Miksu <vojtech@miksu.cz>",
                        },
                      },
                      Object {
                        "__typename": "CommitEdge",
                        "node": Object {
                          "__typename": "Commit",
                          "author": Object {
                            "__typename": "GitActor",
                            "avatarUrl": "https://avatars3.githubusercontent.com/u/1387913?v=4",
                            "email": "vojtech@miksu.cz",
                            "name": "Vojtech Miksu",
                          },
                          "changedFiles": 1,
                          "committedDate": "2020-10-30T17:52:12Z",
                          "message": "fix(tabs): don't apply hover and focus color to active tab (#3879)",
                        },
                      },
                      Object {
                        "__typename": "CommitEdge",
                        "node": Object {
                          "__typename": "Commit",
                          "author": Object {
                            "__typename": "GitActor",
                            "avatarUrl": "https://avatars3.githubusercontent.com/u/5317799?v=4",
                            "email": "chasestarr@gmail.com",
                            "name": "Chase Starr",
                          },
                          "changedFiles": 10,
                          "committedDate": "2020-10-29T23:54:02Z",
                          "message": "fix(docs): replace stackblitz with codesandbox (#3876)

* fix(docs): replace stackblitz with codesandbox

* fix(docs): dont flow type the fn

* fix(docs): lint

* fix(docs): flow",
                        },
                      },
                      Object {
                        "__typename": "CommitEdge",
                        "node": Object {
                          "__typename": "Commit",
                          "author": Object {
                            "__typename": "GitActor",
                            "avatarUrl": "https://avatars3.githubusercontent.com/u/5317799?v=4",
                            "email": "chasestarr@gmail.com",
                            "name": "Chase Starr",
                          },
                          "changedFiles": 1,
                          "committedDate": "2020-10-29T23:47:05Z",
                          "message": "chore(ci): use stable release in react 17 tests (#3878)",
                        },
                      },
                      Object {
                        "__typename": "CommitEdge",
                        "node": Object {
                          "__typename": "Commit",
                          "author": Object {
                            "__typename": "GitActor",
                            "avatarUrl": "https://avatars3.githubusercontent.com/u/5317799?v=4",
                            "email": "chasestarr@gmail.com",
                            "name": "Chase Starr",
                          },
                          "changedFiles": 5,
                          "committedDate": "2020-10-29T22:53:33Z",
                          "message": "chore(react-17): fixes tests (#3870)

* chore(react-17): fixes tests

* chore(react): use react 16 for development

* fix(unit-tests): fix tsc errors",
                        },
                      },
                    ],
                    "totalCount": 2592,
                  },
                },
              },
              "name": "baseweb",
              "primaryLanguage": Object {
                "__typename": "Language",
                "color": "#f1e05a",
                "name": "JavaScript",
              },
              "stargazerCount": 5524,
              "url": "https://github.com/uber/baseweb",
            }
          }
        />
      </li>
      <li
        className="data-row"
        key="4"
      >
        <RepoData
          node={
            Object {
              "__typename": "Repository",
              "description": "Cadence is a distributed, scalable, durable, and highly available orchestration engine to execute asynchronous long-running business logic in a scalable and resilient way.",
              "forkCount": 426,
              "issues": Object {
                "__typename": "IssueConnection",
                "totalCount": 1211,
              },
              "masterBranch": Object {
                "__typename": "Ref",
                "target": Object {
                  "__typename": "Commit",
                  "history": Object {
                    "__typename": "CommitHistoryConnection",
                    "edges": Array [
                      Object {
                        "__typename": "CommitEdge",
                        "node": Object {
                          "__typename": "Commit",
                          "author": Object {
                            "__typename": "GitActor",
                            "avatarUrl": "https://avatars2.githubusercontent.com/u/43047444?v=4",
                            "email": "vytautas@uber.com",
                            "name": "Vytautas",
                          },
                          "changedFiles": 25,
                          "committedDate": "2020-11-09T09:56:30Z",
                          "message": "History client internal types (#3712)",
                        },
                      },
                      Object {
                        "__typename": "CommitEdge",
                        "node": Object {
                          "__typename": "Commit",
                          "author": Object {
                            "__typename": "GitActor",
                            "avatarUrl": "https://avatars2.githubusercontent.com/u/43047444?v=4",
                            "email": "vytautas@uber.com",
                            "name": "Vytautas",
                          },
                          "changedFiles": 22,
                          "committedDate": "2020-11-09T08:21:20Z",
                          "message": "Admin client internal types (#3710)",
                        },
                      },
                      Object {
                        "__typename": "CommitEdge",
                        "node": Object {
                          "__typename": "Commit",
                          "author": Object {
                            "__typename": "GitActor",
                            "avatarUrl": "https://avatars3.githubusercontent.com/u/7754120?v=4",
                            "email": "ycyang@uber.com",
                            "name": "Yichao Yang",
                          },
                          "changedFiles": 16,
                          "committedDate": "2020-11-07T00:12:25Z",
                          "message": "Persistence Error Injection Client (#3734)",
                        },
                      },
                      Object {
                        "__typename": "CommitEdge",
                        "node": Object {
                          "__typename": "Commit",
                          "author": Object {
                            "__typename": "GitActor",
                            "avatarUrl": "https://avatars0.githubusercontent.com/u/3770478?v=4",
                            "email": "yx@uber.com",
                            "name": "Yu Xia",
                          },
                          "changedFiles": 33,
                          "committedDate": "2020-11-06T21:09:23Z",
                          "message": "Refactor domain queue and add domain dlq size metrics (#3704)",
                        },
                      },
                      Object {
                        "__typename": "CommitEdge",
                        "node": Object {
                          "__typename": "Commit",
                          "author": Object {
                            "__typename": "GitActor",
                            "avatarUrl": "https://avatars0.githubusercontent.com/u/3770478?v=4",
                            "email": "yx@uber.com",
                            "name": "Yu Xia",
                          },
                          "changedFiles": 11,
                          "committedDate": "2020-11-06T18:29:49Z",
                          "message": "Backfill workflow version histories when resetting (#3742)",
                        },
                      },
                      Object {
                        "__typename": "CommitEdge",
                        "node": Object {
                          "__typename": "Commit",
                          "author": Object {
                            "__typename": "GitActor",
                            "avatarUrl": "https://avatars2.githubusercontent.com/u/43047444?v=4",
                            "email": "vytautas@uber.com",
                            "name": "Vytautas",
                          },
                          "changedFiles": 13,
                          "committedDate": "2020-11-06T12:48:04Z",
                          "message": "Frontend client internal types (#3711)",
                        },
                      },
                      Object {
                        "__typename": "CommitEdge",
                        "node": Object {
                          "__typename": "Commit",
                          "author": Object {
                            "__typename": "GitActor",
                            "avatarUrl": "https://avatars2.githubusercontent.com/u/43047444?v=4",
                            "email": "vytautas@uber.com",
                            "name": "Vytautas",
                          },
                          "changedFiles": 5,
                          "committedDate": "2020-11-06T09:43:08Z",
                          "message": "Switch ElasticSearch validator to internal-types (#3728)",
                        },
                      },
                      Object {
                        "__typename": "CommitEdge",
                        "node": Object {
                          "__typename": "Commit",
                          "author": Object {
                            "__typename": "GitActor",
                            "avatarUrl": "https://avatars2.githubusercontent.com/u/43047444?v=4",
                            "email": "vytautas@uber.com",
                            "name": "Vytautas",
                          },
                          "changedFiles": 3,
                          "committedDate": "2020-11-06T09:04:44Z",
                          "message": "Refactor ES query validator to not modify requests (#3733)",
                        },
                      },
                      Object {
                        "__typename": "CommitEdge",
                        "node": Object {
                          "__typename": "Commit",
                          "author": Object {
                            "__typename": "GitActor",
                            "avatarUrl": "https://avatars0.githubusercontent.com/u/4523955?v=4",
                            "email": "longquanzheng@users.noreply.github.com",
                            "name": "Quanzheng Long",
                          },
                          "changedFiles": 3,
                          "committedDate": "2020-11-06T04:29:54Z",
                          "message": "Disable history scanner by default and tune the default RPS",
                        },
                      },
                      Object {
                        "__typename": "CommitEdge",
                        "node": Object {
                          "__typename": "Commit",
                          "author": Object {
                            "__typename": "GitActor",
                            "avatarUrl": "https://avatars3.githubusercontent.com/u/7754120?v=4",
                            "email": "ycyang@uber.com",
                            "name": "Yichao Yang",
                          },
                          "changedFiles": 1,
                          "committedDate": "2020-11-06T02:34:06Z",
                          "message": "Fix iterator context (#3743)",
                        },
                      },
                    ],
                    "totalCount": 2303,
                  },
                },
              },
              "name": "cadence",
              "primaryLanguage": Object {
                "__typename": "Language",
                "color": "#00ADD8",
                "name": "Go",
              },
              "stargazerCount": 4365,
              "url": "https://github.com/uber/cadence",
            }
          }
        />
      </li>
      <li
        className="data-row"
        key="5"
      >
        <RepoData
          node={
            Object {
              "__typename": "Repository",
              "description": null,
              "forkCount": 356,
              "issues": Object {
                "__typename": "IssueConnection",
                "totalCount": 10,
              },
              "masterBranch": Object {
                "__typename": "Ref",
                "target": Object {
                  "__typename": "Commit",
                  "history": Object {
                    "__typename": "CommitHistoryConnection",
                    "edges": Array [
                      Object {
                        "__typename": "CommitEdge",
                        "node": Object {
                          "__typename": "Commit",
                          "author": Object {
                            "__typename": "GitActor",
                            "avatarUrl": "https://avatars1.githubusercontent.com/u/97087?v=4",
                            "email": "sc@ndella.com",
                            "name": "Aiden Scandella",
                          },
                          "changedFiles": 1,
                          "committedDate": "2015-03-09T18:07:09Z",
                          "message": "Merge pull request #24 from shubs/patch-1

Little </p> missing",
                        },
                      },
                      Object {
                        "__typename": "CommitEdge",
                        "node": Object {
                          "__typename": "Commit",
                          "author": Object {
                            "__typename": "GitActor",
                            "avatarUrl": "https://avatars0.githubusercontent.com/u/3249538?v=4",
                            "email": "shubham@sharma.fr",
                            "name": "Shubham SHARMA",
                          },
                          "changedFiles": 1,
                          "committedDate": "2015-03-09T14:02:32Z",
                          "message": "Little </p> missing",
                        },
                      },
                      Object {
                        "__typename": "CommitEdge",
                        "node": Object {
                          "__typename": "Commit",
                          "author": Object {
                            "__typename": "GitActor",
                            "avatarUrl": "https://avatars1.githubusercontent.com/u/97087?v=4",
                            "email": "sc@ndella.com",
                            "name": "Aiden Scandella",
                          },
                          "changedFiles": 1,
                          "committedDate": "2015-02-14T18:21:44Z",
                          "message": "Merge pull request #23 from scraperdragon/patch-1

Make non-literal text in code more obvious.",
                        },
                      },
                      Object {
                        "__typename": "CommitEdge",
                        "node": Object {
                          "__typename": "Commit",
                          "author": Object {
                            "__typename": "GitActor",
                            "avatarUrl": "https://camo.githubusercontent.com/6444af371fe87b57cbe22325115c3fbfd7c84a0b6d938930508cdaba1439a70a/68747470733a2f2f322e67726176617461722e636f6d2f6176617461722f38393361643334663465636436383131303535383432376433333834356333383f643d68747470732533412532462532466769746875622e6769746875626173736574732e636f6d253246696d6167657325324667726176617461727325324667726176617461722d757365722d3432302e706e6726723d67",
                            "email": "dragon@scraperwiki.com",
                            "name": "Dragon Dave McKee",
                          },
                          "changedFiles": 1,
                          "committedDate": "2015-02-14T12:41:21Z",
                          "message": "Make non-literal text in code more obvious.",
                        },
                      },
                      Object {
                        "__typename": "CommitEdge",
                        "node": Object {
                          "__typename": "Commit",
                          "author": Object {
                            "__typename": "GitActor",
                            "avatarUrl": "https://avatars3.githubusercontent.com/u/118449?v=4",
                            "email": "brady@csh.rit.edu",
                            "name": "Braden Allchin",
                          },
                          "changedFiles": 10,
                          "committedDate": "2014-10-06T20:33:57Z",
                          "message": "Merge pull request #21 from uber/zh/fix-scopes

Fix scopes",
                        },
                      },
                      Object {
                        "__typename": "CommitEdge",
                        "node": Object {
                          "__typename": "Commit",
                          "author": Object {
                            "__typename": "GitActor",
                            "avatarUrl": "https://camo.githubusercontent.com/6e24fc698c8bdf07967385c319945e3b044f4346418865754ad88c2b299a0f7b/68747470733a2f2f312e67726176617461722e636f6d2f6176617461722f64356230633165316562636532633762343032633034366136383830613932353f643d68747470732533412532462532466769746875622e6769746875626173736574732e636f6d253246696d6167657325324667726176617461727325324667726176617461722d757365722d3432302e706e6726723d67",
                            "email": "zack@uber.com",
                            "name": "Zachary Wright Heller",
                          },
                          "changedFiles": 10,
                          "committedDate": "2014-10-06T20:30:17Z",
                          "message": "Fix scopes

fix tests remove jank test

delete file",
                        },
                      },
                      Object {
                        "__typename": "CommitEdge",
                        "node": Object {
                          "__typename": "Commit",
                          "author": Object {
                            "__typename": "GitActor",
                            "avatarUrl": "https://avatars0.githubusercontent.com/u/494555?v=4",
                            "email": "zheller@gmail.com",
                            "name": "Zachary Heller",
                          },
                          "changedFiles": 3,
                          "committedDate": "2014-09-08T18:27:14Z",
                          "message": "Merge pull request #20 from uber/zh-fix-sslify

fix local serving sslify",
                        },
                      },
                      Object {
                        "__typename": "CommitEdge",
                        "node": Object {
                          "__typename": "Commit",
                          "author": Object {
                            "__typename": "GitActor",
                            "avatarUrl": "https://camo.githubusercontent.com/6e24fc698c8bdf07967385c319945e3b044f4346418865754ad88c2b299a0f7b/68747470733a2f2f312e67726176617461722e636f6d2f6176617461722f64356230633165316562636532633762343032633034366136383830613932353f643d68747470732533412532462532466769746875622e6769746875626173736574732e636f6d253246696d6167657325324667726176617461727325324667726176617461722d757365722d3432302e706e6726723d67",
                            "email": "zack@uber.com",
                            "name": "Zachary Wright Heller",
                          },
                          "changedFiles": 1,
                          "committedDate": "2014-09-08T18:19:04Z",
                          "message": "peer review",
                        },
                      },
                      Object {
                        "__typename": "CommitEdge",
                        "node": Object {
                          "__typename": "Commit",
                          "author": Object {
                            "__typename": "GitActor",
                            "avatarUrl": "https://camo.githubusercontent.com/6e24fc698c8bdf07967385c319945e3b044f4346418865754ad88c2b299a0f7b/68747470733a2f2f312e67726176617461722e636f6d2f6176617461722f64356230633165316562636532633762343032633034366136383830613932353f643d68747470732533412532462532466769746875622e6769746875626173736574732e636f6d253246696d6167657325324667726176617461727325324667726176617461722d757365722d3432302e706e6726723d67",
                            "email": "zack@uber.com",
                            "name": "Zachary Wright Heller",
                          },
                          "changedFiles": 1,
                          "committedDate": "2014-09-08T18:14:45Z",
                          "message": "capitalize SSL",
                        },
                      },
                      Object {
                        "__typename": "CommitEdge",
                        "node": Object {
                          "__typename": "Commit",
                          "author": Object {
                            "__typename": "GitActor",
                            "avatarUrl": "https://camo.githubusercontent.com/6e24fc698c8bdf07967385c319945e3b044f4346418865754ad88c2b299a0f7b/68747470733a2f2f312e67726176617461722e636f6d2f6176617461722f64356230633165316562636532633762343032633034366136383830613932353f643d68747470732533412532462532466769746875622e6769746875626173736574732e636f6d253246696d6167657325324667726176617461727325324667726176617461722d757365722d3432302e706e6726723d67",
                            "email": "zack@uber.com",
                            "name": "Zachary Wright Heller",
                          },
                          "changedFiles": 3,
                          "committedDate": "2014-09-08T18:11:44Z",
                          "message": "fix local serving",
                        },
                      },
                    ],
                    "totalCount": 59,
                  },
                },
              },
              "name": "Python-Sample-Application",
              "primaryLanguage": Object {
                "__typename": "Language",
                "color": "#3572A5",
                "name": "Python",
              },
              "stargazerCount": 327,
              "url": "https://github.com/uber/Python-Sample-Application",
            }
          }
        />
      </li>
      <li
        className="data-row"
        key="6"
      >
        <RepoData
          node={
            Object {
              "__typename": "Repository",
              "description": "Your Swiss Army Knife for Protocol Buffers",
              "forkCount": 269,
              "issues": Object {
                "__typename": "IssueConnection",
                "totalCount": 208,
              },
              "masterBranch": Object {
                "__typename": "Ref",
                "target": Object {
                  "__typename": "Commit",
                  "history": Object {
                    "__typename": "CommitHistoryConnection",
                    "edges": Array [
                      Object {
                        "__typename": "CommitEdge",
                        "node": Object {
                          "__typename": "Commit",
                          "author": Object {
                            "__typename": "GitActor",
                            "avatarUrl": "https://avatars0.githubusercontent.com/u/911455?v=4",
                            "email": "sayers@uber.com",
                            "name": "Steve Ayers",
                          },
                          "changedFiles": 2,
                          "committedDate": "2020-05-19T18:22:55Z",
                          "message": "Back to development",
                        },
                      },
                      Object {
                        "__typename": "CommitEdge",
                        "node": Object {
                          "__typename": "Commit",
                          "author": Object {
                            "__typename": "GitActor",
                            "avatarUrl": "https://avatars0.githubusercontent.com/u/911455?v=4",
                            "email": "sayers@uber.com",
                            "name": "Steve Ayers",
                          },
                          "changedFiles": 2,
                          "committedDate": "2020-05-19T18:03:19Z",
                          "message": "Preparing release v1.10.0",
                        },
                      },
                      Object {
                        "__typename": "CommitEdge",
                        "node": Object {
                          "__typename": "Commit",
                          "author": Object {
                            "__typename": "GitActor",
                            "avatarUrl": "https://avatars0.githubusercontent.com/u/911455?v=4",
                            "email": "sayers@uber.com",
                            "name": "Steve Ayers",
                          },
                          "changedFiles": 175,
                          "committedDate": "2020-05-19T18:00:40Z",
                          "message": "Merge branch 'dev'",
                        },
                      },
                      Object {
                        "__typename": "CommitEdge",
                        "node": Object {
                          "__typename": "Commit",
                          "author": Object {
                            "__typename": "GitActor",
                            "avatarUrl": "https://avatars0.githubusercontent.com/u/911455?v=4",
                            "email": "sayers@uber.com",
                            "name": "Steve Ayers",
                          },
                          "changedFiles": 1,
                          "committedDate": "2020-03-31T15:14:47Z",
                          "message": "Final formatting",
                        },
                      },
                      Object {
                        "__typename": "CommitEdge",
                        "node": Object {
                          "__typename": "Commit",
                          "author": Object {
                            "__typename": "GitActor",
                            "avatarUrl": "https://avatars0.githubusercontent.com/u/911455?v=4",
                            "email": "sayers@uber.com",
                            "name": "Steve Ayers",
                          },
                          "changedFiles": 1,
                          "committedDate": "2020-03-31T15:13:43Z",
                          "message": "Update lint.md formatting",
                        },
                      },
                      Object {
                        "__typename": "CommitEdge",
                        "node": Object {
                          "__typename": "Commit",
                          "author": Object {
                            "__typename": "GitActor",
                            "avatarUrl": "https://avatars0.githubusercontent.com/u/911455?v=4",
                            "email": "sayers@uber.com",
                            "name": "Steve Ayers",
                          },
                          "changedFiles": 1,
                          "committedDate": "2020-03-31T15:10:28Z",
                          "message": "Update lint.md formatting",
                        },
                      },
                      Object {
                        "__typename": "CommitEdge",
                        "node": Object {
                          "__typename": "Commit",
                          "author": Object {
                            "__typename": "GitActor",
                            "avatarUrl": "https://avatars0.githubusercontent.com/u/911455?v=4",
                            "email": "sayers@uber.com",
                            "name": "Steve Ayers",
                          },
                          "changedFiles": 1,
                          "committedDate": "2020-03-31T14:40:08Z",
                          "message": "Document all lint rules and their group memberships (#548)",
                        },
                      },
                      Object {
                        "__typename": "CommitEdge",
                        "node": Object {
                          "__typename": "Commit",
                          "author": Object {
                            "__typename": "GitActor",
                            "avatarUrl": "https://avatars0.githubusercontent.com/u/911455?v=4",
                            "email": "sayers@uber.com",
                            "name": "Steve Ayers",
                          },
                          "changedFiles": 8,
                          "committedDate": "2020-03-31T13:57:37Z",
                          "message": "Add walk-timeout command line flag (#545)

* Adds walk timeout to command line flag to commands which walk the directory structure.",
                        },
                      },
                      Object {
                        "__typename": "CommitEdge",
                        "node": Object {
                          "__typename": "Commit",
                          "author": Object {
                            "__typename": "GitActor",
                            "avatarUrl": "https://avatars1.githubusercontent.com/u/4853075?v=4",
                            "email": "hypnoglow@gmail.com",
                            "name": "Igor Zibarev",
                          },
                          "changedFiles": 1,
                          "committedDate": "2020-03-25T13:31:20Z",
                          "message": "Fix directory structure example in Style Guide (#543)

Updates package comments in directory structure example to match
documented style guide.",
                        },
                      },
                      Object {
                        "__typename": "CommitEdge",
                        "node": Object {
                          "__typename": "Commit",
                          "author": Object {
                            "__typename": "GitActor",
                            "avatarUrl": "https://avatars0.githubusercontent.com/u/4391247?v=4",
                            "email": "jathu.satkunarajah@gmail.com",
                            "name": "jathu",
                          },
                          "changedFiles": 2,
                          "committedDate": "2020-03-25T13:30:53Z",
                          "message": "Add linter for ruby_package file option (#534)

* add ruby package lint",
                        },
                      },
                    ],
                    "totalCount": 365,
                  },
                },
              },
              "name": "prototool",
              "primaryLanguage": Object {
                "__typename": "Language",
                "color": "#00ADD8",
                "name": "Go",
              },
              "stargazerCount": 4514,
              "url": "https://github.com/uber/prototool",
            }
          }
        />
      </li>
      <li
        className="data-row"
        key="7"
      >
        <RepoData
          node={
            Object {
              "__typename": "Repository",
              "description": "P2P Docker registry capable of distributing TBs of data in seconds",
              "forkCount": 251,
              "issues": Object {
                "__typename": "IssueConnection",
                "totalCount": 83,
              },
              "masterBranch": Object {
                "__typename": "Ref",
                "target": Object {
                  "__typename": "Commit",
                  "history": Object {
                    "__typename": "CommitHistoryConnection",
                    "edges": Array [
                      Object {
                        "__typename": "CommitEdge",
                        "node": Object {
                          "__typename": "Commit",
                          "author": Object {
                            "__typename": "GitActor",
                            "avatarUrl": "https://avatars0.githubusercontent.com/u/6457106?v=4",
                            "email": "codyg@uber.com",
                            "name": "Cody Gibb",
                          },
                          "changedFiles": 3,
                          "committedDate": "2020-11-05T00:27:44Z",
                          "message": "Switch agent to use V2 announce endpoint (#292)",
                        },
                      },
                      Object {
                        "__typename": "CommitEdge",
                        "node": Object {
                          "__typename": "Commit",
                          "author": Object {
                            "__typename": "GitActor",
                            "avatarUrl": "https://avatars0.githubusercontent.com/u/6457106?v=4",
                            "email": "codyg@uber.com",
                            "name": "Cody Gibb",
                          },
                          "changedFiles": 1,
                          "committedDate": "2020-10-07T20:30:36Z",
                          "message": "Allow overriding nginx stdout log path (#282)",
                        },
                      },
                      Object {
                        "__typename": "CommitEdge",
                        "node": Object {
                          "__typename": "Commit",
                          "author": Object {
                            "__typename": "GitActor",
                            "avatarUrl": "https://avatars0.githubusercontent.com/u/6457106?v=4",
                            "email": "codyg@uber.com",
                            "name": "Cody Gibb",
                          },
                          "changedFiles": 1,
                          "committedDate": "2020-10-07T20:21:56Z",
                          "message": "Delete outdated nginx log deletion (#281)",
                        },
                      },
                      Object {
                        "__typename": "CommitEdge",
                        "node": Object {
                          "__typename": "Commit",
                          "author": Object {
                            "__typename": "GitActor",
                            "avatarUrl": "https://avatars0.githubusercontent.com/u/6457106?v=4",
                            "email": "codyg@uber.com",
                            "name": "Cody Gibb",
                          },
                          "changedFiles": 1,
                          "committedDate": "2020-10-07T18:54:48Z",
                          "message": "Fix Makefile dependencies for binaries (#280)

If Go file in the repo is changed, the binaries need to be rebuilt.",
                        },
                      },
                      Object {
                        "__typename": "CommitEdge",
                        "node": Object {
                          "__typename": "Commit",
                          "author": Object {
                            "__typename": "GitActor",
                            "avatarUrl": "https://avatars0.githubusercontent.com/u/6457106?v=4",
                            "email": "codyg@uber.com",
                            "name": "Cody Gibb",
                          },
                          "changedFiles": 7,
                          "committedDate": "2020-10-07T18:39:21Z",
                          "message": "Allow overriding nginx log paths (#279)

Lets us optionally emit nginx logs to specific files instead of just a directory.",
                        },
                      },
                      Object {
                        "__typename": "CommitEdge",
                        "node": Object {
                          "__typename": "Commit",
                          "author": Object {
                            "__typename": "GitActor",
                            "avatarUrl": "https://avatars3.githubusercontent.com/u/20403162?v=4",
                            "email": "evelynl@uber.com",
                            "name": "Evelyn Liu",
                          },
                          "changedFiles": 7,
                          "committedDate": "2020-10-07T00:49:49Z",
                          "message": "Propagate PathNotFound error in proxy (#276)

* Propagate PathNotFound error in proxy

* comment",
                        },
                      },
                      Object {
                        "__typename": "CommitEdge",
                        "node": Object {
                          "__typename": "Commit",
                          "author": Object {
                            "__typename": "GitActor",
                            "avatarUrl": "https://avatars3.githubusercontent.com/u/2651664?v=4",
                            "email": "zerosnake0@gmail.com",
                            "name": "zerosnake0",
                          },
                          "changedFiles": 1,
                          "committedDate": "2020-09-17T17:44:47Z",
                          "message": "make nginx path configurable (#252)

* make nginx path configurable

* use applyDefaults from code review",
                        },
                      },
                      Object {
                        "__typename": "CommitEdge",
                        "node": Object {
                          "__typename": "Commit",
                          "author": Object {
                            "__typename": "GitActor",
                            "avatarUrl": "https://avatars3.githubusercontent.com/u/20403162?v=4",
                            "email": "evelynl@uber.com",
                            "name": "Evelyn Liu",
                          },
                          "changedFiles": 4,
                          "committedDate": "2020-09-16T02:42:31Z",
                          "message": "Allow upload to a different origin on retryable errors (#275)",
                        },
                      },
                      Object {
                        "__typename": "CommitEdge",
                        "node": Object {
                          "__typename": "Commit",
                          "author": Object {
                            "__typename": "GitActor",
                            "avatarUrl": "https://avatars3.githubusercontent.com/u/20403162?v=4",
                            "email": "evelynl@uber.com",
                            "name": "Evelyn Liu",
                          },
                          "changedFiles": 2,
                          "committedDate": "2020-08-31T20:50:42Z",
                          "message": "Always delete upload file after MoveUploadFileToCache (#274)",
                        },
                      },
                      Object {
                        "__typename": "CommitEdge",
                        "node": Object {
                          "__typename": "Commit",
                          "author": Object {
                            "__typename": "GitActor",
                            "avatarUrl": "https://avatars3.githubusercontent.com/u/20403162?v=4",
                            "email": "evelynl@uber.com",
                            "name": "Evelyn Liu",
                          },
                          "changedFiles": 1,
                          "committedDate": "2020-08-18T19:21:12Z",
                          "message": "Fix docker_daemon config (#271)",
                        },
                      },
                    ],
                    "totalCount": 856,
                  },
                },
              },
              "name": "kraken",
              "primaryLanguage": Object {
                "__typename": "Language",
                "color": "#00ADD8",
                "name": "Go",
              },
              "stargazerCount": 4003,
              "url": "https://github.com/uber/kraken",
            }
          }
        />
      </li>
      <li
        className="data-row"
        key="8"
      >
        <RepoData
          node={
            Object {
              "__typename": "Repository",
              "description": "A library for creating directed graph editors",
              "forkCount": 227,
              "issues": Object {
                "__typename": "IssueConnection",
                "totalCount": 156,
              },
              "masterBranch": Object {
                "__typename": "Ref",
                "target": Object {
                  "__typename": "Commit",
                  "history": Object {
                    "__typename": "CommitHistoryConnection",
                    "edges": Array [
                      Object {
                        "__typename": "CommitEdge",
                        "node": Object {
                          "__typename": "Commit",
                          "author": Object {
                            "__typename": "GitActor",
                            "avatarUrl": "https://avatars2.githubusercontent.com/u/161761?v=4",
                            "email": "ajbogh@uber.com",
                            "name": "Allan Bogh",
                          },
                          "changedFiles": 3,
                          "committedDate": "2020-10-06T07:39:56Z",
                          "message": "Merge pull request #277 from 9renpoto/feature/babel

feat: upgrade @babel/core",
                        },
                      },
                      Object {
                        "__typename": "CommitEdge",
                        "node": Object {
                          "__typename": "Commit",
                          "author": Object {
                            "__typename": "GitActor",
                            "avatarUrl": "https://avatars2.githubusercontent.com/u/161761?v=4",
                            "email": "ajbogh@uber.com",
                            "name": "Allan Bogh",
                          },
                          "changedFiles": 1,
                          "committedDate": "2020-10-06T06:05:17Z",
                          "message": "Merge pull request #278 from davidkpiano/patch-1

Update README.md",
                        },
                      },
                      Object {
                        "__typename": "CommitEdge",
                        "node": Object {
                          "__typename": "Commit",
                          "author": Object {
                            "__typename": "GitActor",
                            "avatarUrl": "https://avatars2.githubusercontent.com/u/1093738?v=4",
                            "email": "davidkpiano@gmail.com",
                            "name": "David Khourshid",
                          },
                          "changedFiles": 1,
                          "committedDate": "2020-10-05T19:58:08Z",
                          "message": "Update README.md

This PR fixes the table rendering in \`README.md\`, which was previously broken.",
                        },
                      },
                      Object {
                        "__typename": "CommitEdge",
                        "node": Object {
                          "__typename": "Commit",
                          "author": Object {
                            "__typename": "GitActor",
                            "avatarUrl": "https://avatars3.githubusercontent.com/u/520693?v=4",
                            "email": "9renpoto@gmail.com",
                            "name": "Keisuke Kan",
                          },
                          "changedFiles": 2,
                          "committedDate": "2020-10-05T13:42:56Z",
                          "message": "fix: webpack optimization",
                        },
                      },
                      Object {
                        "__typename": "CommitEdge",
                        "node": Object {
                          "__typename": "Commit",
                          "author": Object {
                            "__typename": "GitActor",
                            "avatarUrl": "https://avatars3.githubusercontent.com/u/520693?v=4",
                            "email": "9renpoto@gmail.com",
                            "name": "Keisuke Kan",
                          },
                          "changedFiles": 3,
                          "committedDate": "2020-10-05T13:26:43Z",
                          "message": "feat: upgrade @babel/core",
                        },
                      },
                      Object {
                        "__typename": "CommitEdge",
                        "node": Object {
                          "__typename": "Commit",
                          "author": Object {
                            "__typename": "GitActor",
                            "avatarUrl": "https://avatars2.githubusercontent.com/u/161761?v=4",
                            "email": "ajbogh@uber.com",
                            "name": "Allan Bogh",
                          },
                          "changedFiles": 4,
                          "committedDate": "2020-09-19T03:44:25Z",
                          "message": "Merge pull request #272 from Malikx-Alee/master

onArrowClicked + disable backspace",
                        },
                      },
                      Object {
                        "__typename": "CommitEdge",
                        "node": Object {
                          "__typename": "Commit",
                          "author": Object {
                            "__typename": "GitActor",
                            "avatarUrl": "https://avatars2.githubusercontent.com/u/28903531?v=4",
                            "email": "ali114_haider@outlook.com",
                            "name": "Malik Ali Haider Awan",
                          },
                          "changedFiles": 1,
                          "committedDate": "2020-09-18T21:33:21Z",
                          "message": "read me updated",
                        },
                      },
                      Object {
                        "__typename": "CommitEdge",
                        "node": Object {
                          "__typename": "Commit",
                          "author": Object {
                            "__typename": "GitActor",
                            "avatarUrl": "https://avatars2.githubusercontent.com/u/161761?v=4",
                            "email": "ajbogh@uber.com",
                            "name": "Allan Bogh",
                          },
                          "changedFiles": 1,
                          "committedDate": "2020-09-18T17:40:23Z",
                          "message": "Merge pull request #273 from thinkty/backspace-optional-props

Updated README with description on the new prop disableBackspace",
                        },
                      },
                      Object {
                        "__typename": "CommitEdge",
                        "node": Object {
                          "__typename": "Commit",
                          "author": Object {
                            "__typename": "GitActor",
                            "avatarUrl": "https://avatars3.githubusercontent.com/u/38105214?v=4",
                            "email": "thinkty@naver.com",
                            "name": "Tae Yoon Kim",
                          },
                          "changedFiles": 1,
                          "committedDate": "2020-09-17T23:42:42Z",
                          "message": "Updated README with description on the new prop disableBackspace",
                        },
                      },
                      Object {
                        "__typename": "CommitEdge",
                        "node": Object {
                          "__typename": "Commit",
                          "author": Object {
                            "__typename": "GitActor",
                            "avatarUrl": "https://avatars2.githubusercontent.com/u/161761?v=4",
                            "email": "ajbogh@uber.com",
                            "name": "Allan Bogh",
                          },
                          "changedFiles": 2,
                          "committedDate": "2020-09-17T23:04:51Z",
                          "message": "Merge pull request #252 from thinkty/backspace-optional-props

Disable backspace shortcut key",
                        },
                      },
                    ],
                    "totalCount": 357,
                  },
                },
              },
              "name": "react-digraph",
              "primaryLanguage": Object {
                "__typename": "Language",
                "color": "#f1e05a",
                "name": "JavaScript",
              },
              "stargazerCount": 1898,
              "url": "https://github.com/uber/react-digraph",
            }
          }
        />
      </li>
      <li
        className="data-row"
        key="9"
      >
        <RepoData
          node={
            Object {
              "__typename": "Repository",
              "description": "Hexagonal hierarchical geospatial indexing system",
              "forkCount": 220,
              "issues": Object {
                "__typename": "IssueConnection",
                "totalCount": 176,
              },
              "masterBranch": Object {
                "__typename": "Ref",
                "target": Object {
                  "__typename": "Commit",
                  "history": Object {
                    "__typename": "CommitHistoryConnection",
                    "edges": Array [
                      Object {
                        "__typename": "CommitEdge",
                        "node": Object {
                          "__typename": "Commit",
                          "author": Object {
                            "__typename": "GitActor",
                            "avatarUrl": "https://avatars2.githubusercontent.com/u/9139378?v=4",
                            "email": "isaac@isaacbrodsky.com",
                            "name": "Isaac Brodsky",
                          },
                          "changedFiles": 13,
                          "committedDate": "2020-11-09T03:12:55Z",
                          "message": "Merge pull request #372 from isaacbrodsky/windows-tests

Build changes for shared libs on Windows",
                        },
                      },
                      Object {
                        "__typename": "CommitEdge",
                        "node": Object {
                          "__typename": "Commit",
                          "author": Object {
                            "__typename": "GitActor",
                            "avatarUrl": "https://avatars2.githubusercontent.com/u/9139378?v=4",
                            "email": "isaac@isaacbrodsky.com",
                            "name": "Isaac Brodsky",
                          },
                          "changedFiles": 1,
                          "committedDate": "2020-10-19T16:36:19Z",
                          "message": "Merge pull request #405 from zackteo/patch-1

Add Clojure's h3 wrapper",
                        },
                      },
                      Object {
                        "__typename": "CommitEdge",
                        "node": Object {
                          "__typename": "Commit",
                          "author": Object {
                            "__typename": "GitActor",
                            "avatarUrl": "https://avatars2.githubusercontent.com/u/9139378?v=4",
                            "email": "isaac@isaacbrodsky.com",
                            "name": "Isaac Brodsky",
                          },
                          "changedFiles": 1,
                          "committedDate": "2020-10-18T21:59:23Z",
                          "message": "Fix tests",
                        },
                      },
                      Object {
                        "__typename": "CommitEdge",
                        "node": Object {
                          "__typename": "Commit",
                          "author": Object {
                            "__typename": "GitActor",
                            "avatarUrl": "https://avatars2.githubusercontent.com/u/9139378?v=4",
                            "email": "isaac@isaacbrodsky.com",
                            "name": "Isaac Brodsky",
                          },
                          "changedFiles": 3,
                          "committedDate": "2020-10-18T20:10:33Z",
                          "message": "Fix local build",
                        },
                      },
                      Object {
                        "__typename": "CommitEdge",
                        "node": Object {
                          "__typename": "Commit",
                          "author": Object {
                            "__typename": "GitActor",
                            "avatarUrl": "https://avatars2.githubusercontent.com/u/7510179?v=4",
                            "email": "zackteo@gmail.com",
                            "name": "Zachary",
                          },
                          "changedFiles": 1,
                          "committedDate": "2020-10-18T06:16:43Z",
                          "message": "Add Clojure's h3 wrapper",
                        },
                      },
                      Object {
                        "__typename": "CommitEdge",
                        "node": Object {
                          "__typename": "Commit",
                          "author": Object {
                            "__typename": "GitActor",
                            "avatarUrl": "https://avatars2.githubusercontent.com/u/9139378?v=4",
                            "email": "isaac@isaacbrodsky.com",
                            "name": "Isaac Brodsky",
                          },
                          "changedFiles": 53,
                          "committedDate": "2020-10-12T00:02:36Z",
                          "message": "Merge branch 'master' into windows-tests",
                        },
                      },
                      Object {
                        "__typename": "CommitEdge",
                        "node": Object {
                          "__typename": "Commit",
                          "author": Object {
                            "__typename": "GitActor",
                            "avatarUrl": "https://avatars2.githubusercontent.com/u/9139378?v=4",
                            "email": "isaac@isaacbrodsky.com",
                            "name": "Isaac Brodsky",
                          },
                          "changedFiles": 1,
                          "committedDate": "2020-10-08T16:26:20Z",
                          "message": "Merge pull request #401 from zachasme/cmake-conditional-testing

Don't build tests if someone else includes package",
                        },
                      },
                      Object {
                        "__typename": "CommitEdge",
                        "node": Object {
                          "__typename": "Commit",
                          "author": Object {
                            "__typename": "GitActor",
                            "avatarUrl": "https://avatars3.githubusercontent.com/u/986290?v=4",
                            "email": "zachasme@gmail.com",
                            "name": "Zacharias Knudsen",
                          },
                          "changedFiles": 1,
                          "committedDate": "2020-10-08T08:11:37Z",
                          "message": "Don't build tests if someone else includes package",
                        },
                      },
                      Object {
                        "__typename": "CommitEdge",
                        "node": Object {
                          "__typename": "Commit",
                          "author": Object {
                            "__typename": "GitActor",
                            "avatarUrl": "https://avatars2.githubusercontent.com/u/9139378?v=4",
                            "email": "isaac@isaacbrodsky.com",
                            "name": "Isaac Brodsky",
                          },
                          "changedFiles": 2,
                          "committedDate": "2020-10-06T03:43:52Z",
                          "message": "Merge pull request #400 from isaacbrodsky/bump-3.7.1

Update for 3.7.1",
                        },
                      },
                      Object {
                        "__typename": "CommitEdge",
                        "node": Object {
                          "__typename": "Commit",
                          "author": Object {
                            "__typename": "GitActor",
                            "avatarUrl": "https://avatars2.githubusercontent.com/u/9139378?v=4",
                            "email": "isaac@unfolded.ai",
                            "name": "Isaac Brodsky",
                          },
                          "changedFiles": 2,
                          "committedDate": "2020-10-05T19:42:14Z",
                          "message": "Update for 3.7.1",
                        },
                      },
                    ],
                    "totalCount": 901,
                  },
                },
              },
              "name": "h3",
              "primaryLanguage": Object {
                "__typename": "Language",
                "color": "#555555",
                "name": "C",
              },
              "stargazerCount": 2451,
              "url": "https://github.com/uber/h3",
            }
          }
        />
      </li>
    </ul>
  </div>
  <LoadMoreButton
    endCursor="Y3Vyc29yOjEw"
    loading={false}
  />
</div>
`;
